../Core/Src/MPU6050_6Axis_MotionApps612.c:41:9:dmpInitialize	24	static
../Core/Src/MPU6050_6Axis_MotionApps612.c:94:6:dmpPacketAvailable	16	static
../Core/Src/MPU6050_6Axis_MotionApps612.c:122:9:dmpGetAccel32bit	16	static
../Core/Src/MPU6050_6Axis_MotionApps612.c:132:9:dmpGetAccel16bit	16	static
../Core/Src/MPU6050_6Axis_MotionApps612.c:142:9:dmpGetAccelVect	16	static
../Core/Src/MPU6050_6Axis_MotionApps612.c:152:9:dmpGetQuaternion32bit	16	static
../Core/Src/MPU6050_6Axis_MotionApps612.c:167:9:dmpGetQuaternion16bit	16	static
../Core/Src/MPU6050_6Axis_MotionApps612.c:178:9:dmpGetQuaternion	32	static
../Core/Src/MPU6050_6Axis_MotionApps612.c:195:9:dmpGetGyro32bit	16	static
../Core/Src/MPU6050_6Axis_MotionApps612.c:205:9:dmpGetGyro16bit	16	static
../Core/Src/MPU6050_6Axis_MotionApps612.c:215:9:dmpGetGyro	16	static
../Core/Src/MPU6050_6Axis_MotionApps612.c:227:9:dmpGetLinearAccel	24	static
../Core/Src/MPU6050_6Axis_MotionApps612.c:242:9:dmpGetGravity16bit	32	static
../Core/Src/MPU6050_6Axis_MotionApps612.c:255:9:dmpGetGravityVectQuat	16	static
../Core/Src/MPU6050_6Axis_MotionApps612.c:267:9:dmpGetEuler	32	static
../Core/Src/MPU6050_6Axis_MotionApps612.c:288:9:dmpGetYawPitchRoll	32	static
../Core/Src/MPU6050_6Axis_MotionApps612.c:316:9:dmpProcessFIFOPacket	16	static
../Core/Src/MPU6050_6Axis_MotionApps612.c:328:9:dmpReadAndProcessFIFOPacket	56	dynamic
../Core/Src/MPU6050_6Axis_MotionApps612.c:357:10:dmpGetFIFOPacketSize	4	static
../Core/Src/MPU6050_6Axis_MotionApps612.c:362:9:dmpGetCurrentFIFOPacket	16	static
