../Core/Src/MPU6050.c:3:10:micros	16	static
../Core/Src/MPU6050.c:10:6:map	40	static
../Core/Src/MPU6050.c:28:6:initialize	8	static
../Core/Src/MPU6050.c:40:6:testConnection	8	static
../Core/Src/MPU6050.c:53:9:getAuxVDDIOLevel	16	static
../Core/Src/MPU6050.c:65:6:setAuxVDDIOLevel	24	static
../Core/Src/MPU6050.c:94:9:getRate	16	static
../Core/Src/MPU6050.c:104:6:setRate	16	static
../Core/Src/MPU6050.c:138:9:getExternalFrameSync	24	static
../Core/Src/MPU6050.c:152:6:setExternalFrameSync	24	static
../Core/Src/MPU6050.c:185:9:getDLPFMode	24	static
../Core/Src/MPU6050.c:199:6:setDLPFMode	24	static
../Core/Src/MPU6050.c:224:9:getFullScaleGyroRange	24	static
../Core/Src/MPU6050.c:241:6:setFullScaleGyroRange	24	static
../Core/Src/MPU6050.c:253:9:getAccelXSelfTestFactoryTrim	16	static
../Core/Src/MPU6050.c:264:9:getAccelYSelfTestFactoryTrim	16	static
../Core/Src/MPU6050.c:275:9:getAccelZSelfTestFactoryTrim	16	static
../Core/Src/MPU6050.c:285:9:getGyroXSelfTestFactoryTrim	16	static
../Core/Src/MPU6050.c:295:9:getGyroYSelfTestFactoryTrim	16	static
../Core/Src/MPU6050.c:305:9:getGyroZSelfTestFactoryTrim	16	static
../Core/Src/MPU6050.c:317:6:getAccelXSelfTest	16	static
../Core/Src/MPU6050.c:327:6:setAccelXSelfTest	24	static
../Core/Src/MPU6050.c:336:6:getAccelYSelfTest	16	static
../Core/Src/MPU6050.c:346:6:setAccelYSelfTest	24	static
../Core/Src/MPU6050.c:355:6:getAccelZSelfTest	16	static
../Core/Src/MPU6050.c:365:6:setAccelZSelfTest	24	static
../Core/Src/MPU6050.c:387:9:getFullScaleAccelRange	24	static
../Core/Src/MPU6050.c:400:6:setFullScaleAccelRange	24	static
../Core/Src/MPU6050.c:440:9:getDHPFMode	24	static
../Core/Src/MPU6050.c:455:6:setDHPFMode	24	static
../Core/Src/MPU6050.c:481:9:getFreefallDetectionThreshold	16	static
../Core/Src/MPU6050.c:491:6:setFreefallDetectionThreshold	16	static
../Core/Src/MPU6050.c:515:9:getFreefallDetectionDuration	16	static
../Core/Src/MPU6050.c:525:6:setFreefallDetectionDuration	16	static
../Core/Src/MPU6050.c:551:9:getMotionDetectionThreshold	16	static
../Core/Src/MPU6050.c:561:6:setMotionDetectionThreshold	16	static
../Core/Src/MPU6050.c:583:9:getMotionDetectionDuration	16	static
../Core/Src/MPU6050.c:593:6:setMotionDetectionDuration	16	static
../Core/Src/MPU6050.c:625:9:getZeroMotionDetectionThreshold	16	static
../Core/Src/MPU6050.c:635:6:setZeroMotionDetectionThreshold	16	static
../Core/Src/MPU6050.c:658:9:getZeroMotionDetectionDuration	16	static
../Core/Src/MPU6050.c:668:6:setZeroMotionDetectionDuration	16	static
../Core/Src/MPU6050.c:681:6:getTempFIFOEnabled	16	static
../Core/Src/MPU6050.c:692:6:setTempFIFOEnabled	24	static
../Core/Src/MPU6050.c:703:6:getXGyroFIFOEnabled	16	static
../Core/Src/MPU6050.c:714:6:setXGyroFIFOEnabled	24	static
../Core/Src/MPU6050.c:725:6:getYGyroFIFOEnabled	16	static
../Core/Src/MPU6050.c:736:6:setYGyroFIFOEnabled	24	static
../Core/Src/MPU6050.c:747:6:getZGyroFIFOEnabled	16	static
../Core/Src/MPU6050.c:758:6:setZGyroFIFOEnabled	24	static
../Core/Src/MPU6050.c:770:6:getAccelFIFOEnabled	16	static
../Core/Src/MPU6050.c:781:6:setAccelFIFOEnabled	24	static
../Core/Src/MPU6050.c:792:6:getSlave2FIFOEnabled	16	static
../Core/Src/MPU6050.c:803:6:setSlave2FIFOEnabled	24	static
../Core/Src/MPU6050.c:814:6:getSlave1FIFOEnabled	16	static
../Core/Src/MPU6050.c:825:6:setSlave1FIFOEnabled	24	static
../Core/Src/MPU6050.c:836:6:getSlave0FIFOEnabled	16	static
../Core/Src/MPU6050.c:847:6:setSlave0FIFOEnabled	24	static
../Core/Src/MPU6050.c:870:6:getMultiMasterEnabled	16	static
../Core/Src/MPU6050.c:881:6:setMultiMasterEnabled	24	static
../Core/Src/MPU6050.c:897:6:getWaitForExternalSensorEnabled	16	static
../Core/Src/MPU6050.c:908:6:setWaitForExternalSensorEnabled	24	static
../Core/Src/MPU6050.c:919:6:getSlave3FIFOEnabled	16	static
../Core/Src/MPU6050.c:930:6:setSlave3FIFOEnabled	24	static
../Core/Src/MPU6050.c:945:6:getSlaveReadWriteTransitionEnabled	16	static
../Core/Src/MPU6050.c:956:6:setSlaveReadWriteTransitionEnabled	24	static
../Core/Src/MPU6050.c:990:9:getMasterClockSpeed	24	static
../Core/Src/MPU6050.c:1000:6:setMasterClockSpeed	24	static
../Core/Src/MPU6050.c:1049:9:getSlaveAddress	24	static
../Core/Src/MPU6050.c:1063:6:setSlaveAddress	16	static
../Core/Src/MPU6050.c:1080:9:getSlaveRegister	24	static
../Core/Src/MPU6050.c:1094:6:setSlaveRegister	16	static
../Core/Src/MPU6050.c:1107:6:getSlaveEnabled	24	static
../Core/Src/MPU6050.c:1121:6:setSlaveEnabled	24	static
../Core/Src/MPU6050.c:1139:6:getSlaveWordByteSwap	24	static
../Core/Src/MPU6050.c:1153:6:setSlaveWordByteSwap	24	static
../Core/Src/MPU6050.c:1170:6:getSlaveWriteMode	24	static
../Core/Src/MPU6050.c:1184:6:setSlaveWriteMode	24	static
../Core/Src/MPU6050.c:1202:6:getSlaveWordGroupOffset	24	static
../Core/Src/MPU6050.c:1216:6:setSlaveWordGroupOffset	24	static
../Core/Src/MPU6050.c:1230:9:getSlaveDataLength	32	static
../Core/Src/MPU6050.c:1247:6:setSlaveDataLength	24	static
../Core/Src/MPU6050.c:1269:9:getSlave4Address	16	static
../Core/Src/MPU6050.c:1279:6:setSlave4Address	16	static
../Core/Src/MPU6050.c:1290:9:getSlave4Register	16	static
../Core/Src/MPU6050.c:1300:6:setSlave4Register	16	static
../Core/Src/MPU6050.c:1310:6:setSlave4OutputByte	16	static
../Core/Src/MPU6050.c:1320:6:getSlave4Enabled	16	static
../Core/Src/MPU6050.c:1331:6:setSlave4Enabled	24	static
../Core/Src/MPU6050.c:1345:6:getSlave4InterruptEnabled	16	static
../Core/Src/MPU6050.c:1356:6:setSlave4InterruptEnabled	24	static
../Core/Src/MPU6050.c:1370:6:getSlave4WriteMode	16	static
../Core/Src/MPU6050.c:1381:6:setSlave4WriteMode	24	static
../Core/Src/MPU6050.c:1401:9:getSlave4MasterDelay	24	static
../Core/Src/MPU6050.c:1415:6:setSlave4MasterDelay	24	static
../Core/Src/MPU6050.c:1429:9:getSlate4InputByte	16	static
../Core/Src/MPU6050.c:1446:6:getPassthroughStatus	16	static
../Core/Src/MPU6050.c:1460:6:getSlave4IsDone	16	static
../Core/Src/MPU6050.c:1473:6:getLostArbitration	16	static
../Core/Src/MPU6050.c:1486:6:getSlave4Nack	16	static
../Core/Src/MPU6050.c:1499:6:getSlave3Nack	16	static
../Core/Src/MPU6050.c:1512:6:getSlave2Nack	16	static
../Core/Src/MPU6050.c:1525:6:getSlave1Nack	16	static
../Core/Src/MPU6050.c:1538:6:getSlave0Nack	16	static
../Core/Src/MPU6050.c:1553:6:getInterruptMode	16	static
../Core/Src/MPU6050.c:1565:6:setInterruptMode	24	static
../Core/Src/MPU6050.c:1576:6:getInterruptDrive	16	static
../Core/Src/MPU6050.c:1588:6:setInterruptDrive	24	static
../Core/Src/MPU6050.c:1599:6:getInterruptLatch	16	static
../Core/Src/MPU6050.c:1611:6:setInterruptLatch	24	static
../Core/Src/MPU6050.c:1622:6:getInterruptLatchClear	16	static
../Core/Src/MPU6050.c:1634:6:setInterruptLatchClear	24	static
../Core/Src/MPU6050.c:1645:6:getFSyncInterruptLevel	16	static
../Core/Src/MPU6050.c:1657:6:setFSyncInterruptLevel	24	static
../Core/Src/MPU6050.c:1668:6:getFSyncInterruptEnabled	16	static
../Core/Src/MPU6050.c:1680:6:setFSyncInterruptEnabled	24	static
../Core/Src/MPU6050.c:1696:6:getI2CBypassEnabled	16	static
../Core/Src/MPU6050.c:1713:6:setI2CBypassEnabled	24	static
../Core/Src/MPU6050.c:1727:6:getClockOutputEnabled	16	static
../Core/Src/MPU6050.c:1742:6:setClockOutputEnabled	24	static
../Core/Src/MPU6050.c:1757:9:getIntEnabled	16	static
../Core/Src/MPU6050.c:1770:6:setIntEnabled	16	static
../Core/Src/MPU6050.c:1780:6:getIntFreefallEnabled	16	static
../Core/Src/MPU6050.c:1792:6:setIntFreefallEnabled	24	static
../Core/Src/MPU6050.c:1803:6:getIntMotionEnabled	16	static
../Core/Src/MPU6050.c:1815:6:setIntMotionEnabled	24	static
../Core/Src/MPU6050.c:1826:6:getIntZeroMotionEnabled	16	static
../Core/Src/MPU6050.c:1838:6:setIntZeroMotionEnabled	24	static
../Core/Src/MPU6050.c:1849:6:getIntFIFObufferOverflowEnabled	16	static
../Core/Src/MPU6050.c:1861:6:setIntFIFObufferOverflowEnabled	24	static
../Core/Src/MPU6050.c:1873:6:getIntI2CMasterEnabled	16	static
../Core/Src/MPU6050.c:1885:6:setIntI2CMasterEnabled	24	static
../Core/Src/MPU6050.c:1897:6:getIntDataReadyEnabled	16	static
../Core/Src/MPU6050.c:1909:6:setIntDataReadyEnabled	24	static
../Core/Src/MPU6050.c:1924:9:getIntStatus	16	static
../Core/Src/MPU6050.c:1934:10:getFIFOTimeout	4	static
../Core/Src/MPU6050.c:1946:6:getIntFreefallStatus	16	static
../Core/Src/MPU6050.c:1959:6:getIntMotionStatus	16	static
../Core/Src/MPU6050.c:1972:6:getIntZeroMotionStatus	16	static
../Core/Src/MPU6050.c:1985:6:getIntFIFObufferOverflowStatus	16	static
../Core/Src/MPU6050.c:1999:6:getIntI2CMasterStatus	16	static
../Core/Src/MPU6050.c:2012:6:getIntDataReadyStatus	16	static
../Core/Src/MPU6050.c:2037:6:getMotion9	32	static
../Core/Src/MPU6050.c:2059:6:getMotion6	32	static
../Core/Src/MPU6050.c:2106:6:getAcceleration	32	static
../Core/Src/MPU6050.c:2118:9:getAccelerationX	16	static
../Core/Src/MPU6050.c:2128:9:getAccelerationY	16	static
../Core/Src/MPU6050.c:2138:9:getAccelerationZ	16	static
../Core/Src/MPU6050.c:2150:9:getTemperature	16	static
../Core/Src/MPU6050.c:2190:6:getRotation	32	static
../Core/Src/MPU6050.c:2202:9:getRotationX	16	static
../Core/Src/MPU6050.c:2212:9:getRotationY	16	static
../Core/Src/MPU6050.c:2222:9:getRotationZ	16	static
../Core/Src/MPU6050.c:2304:9:getExternalSensorByte	24	static
../Core/Src/MPU6050.c:2315:10:getExternalSensorWord	24	static
../Core/Src/MPU6050.c:2326:10:getExternalSensorDWord	24	static
../Core/Src/MPU6050.c:2341:9:getMotionStatus	16	static
../Core/Src/MPU6050.c:2351:6:getXNegMotionDetected	16	static
../Core/Src/MPU6050.c:2362:6:getXPosMotionDetected	16	static
../Core/Src/MPU6050.c:2373:6:getYNegMotionDetected	16	static
../Core/Src/MPU6050.c:2384:6:getYPosMotionDetected	16	static
../Core/Src/MPU6050.c:2395:6:getZNegMotionDetected	16	static
../Core/Src/MPU6050.c:2406:6:getZPosMotionDetected	16	static
../Core/Src/MPU6050.c:2417:6:getZeroMotionDetected	16	static
../Core/Src/MPU6050.c:2434:6:setSlaveOutputByte	16	static
../Core/Src/MPU6050.c:2451:6:getExternalShadowDelayEnabled	16	static
../Core/Src/MPU6050.c:2463:6:setExternalShadowDelayEnabled	24	static
../Core/Src/MPU6050.c:2486:6:getSlaveDelayEnabled	24	static
../Core/Src/MPU6050.c:2501:6:setSlaveDelayEnabled	24	static
../Core/Src/MPU6050.c:2514:6:resetGyroscopePath	16	static
../Core/Src/MPU6050.c:2525:6:resetAccelerometerPath	16	static
../Core/Src/MPU6050.c:2536:6:resetTemperaturePath	16	static
../Core/Src/MPU6050.c:2558:9:getAccelerometerPowerOnDelay	24	static
../Core/Src/MPU6050.c:2573:6:setAccelerometerPowerOnDelay	24	static
../Core/Src/MPU6050.c:2607:9:getFreefallDetectionCounterDecrement	24	static
../Core/Src/MPU6050.c:2622:6:setFreefallDetectionCounterDecrement	24	static
../Core/Src/MPU6050.c:2653:9:getMotionDetectionCounterDecrement	24	static
../Core/Src/MPU6050.c:2668:6:setMotionDetectionCounterDecrement	24	static
../Core/Src/MPU6050.c:2687:6:getFIFOEnabled	16	static
../Core/Src/MPU6050.c:2699:6:setFIFOEnabled	24	static
../Core/Src/MPU6050.c:2715:6:getI2CMasterModeEnabled	16	static
../Core/Src/MPU6050.c:2727:6:setI2CMasterModeEnabled	24	static
../Core/Src/MPU6050.c:2736:6:switchSPIEnabled	24	static
../Core/Src/MPU6050.c:2747:6:resetFIFO	16	static
../Core/Src/MPU6050.c:2758:6:resetI2CMaster	16	static
../Core/Src/MPU6050.c:2775:6:resetSensors	16	static
../Core/Src/MPU6050.c:2788:6:reset	16	static
../Core/Src/MPU6050.c:2804:6:getSleepEnabled	16	static
../Core/Src/MPU6050.c:2816:6:setSleepEnabled	24	static
../Core/Src/MPU6050.c:2829:6:getWakeCycleEnabled	16	static
../Core/Src/MPU6050.c:2841:6:setWakeCycleEnabled	24	static
../Core/Src/MPU6050.c:2857:6:getTempSensorEnabled	16	static
../Core/Src/MPU6050.c:2873:6:setTempSensorEnabled	24	static
../Core/Src/MPU6050.c:2885:9:getClockSource	24	static
../Core/Src/MPU6050.c:2921:6:setClockSource	24	static
../Core/Src/MPU6050.c:2952:9:getWakeFrequency	24	static
../Core/Src/MPU6050.c:2965:6:setWakeFrequency	24	static
../Core/Src/MPU6050.c:2980:6:getStandbyXAccelEnabled	16	static
../Core/Src/MPU6050.c:2992:6:setStandbyXAccelEnabled	24	static
../Core/Src/MPU6050.c:3003:6:getStandbyYAccelEnabled	16	static
../Core/Src/MPU6050.c:3015:6:setStandbyYAccelEnabled	24	static
../Core/Src/MPU6050.c:3026:6:getStandbyZAccelEnabled	16	static
../Core/Src/MPU6050.c:3038:6:setStandbyZAccelEnabled	24	static
../Core/Src/MPU6050.c:3049:6:getStandbyXGyroEnabled	16	static
../Core/Src/MPU6050.c:3061:6:setStandbyXGyroEnabled	24	static
../Core/Src/MPU6050.c:3072:6:getStandbyYGyroEnabled	16	static
../Core/Src/MPU6050.c:3084:6:setStandbyYGyroEnabled	24	static
../Core/Src/MPU6050.c:3095:6:getStandbyZGyroEnabled	16	static
../Core/Src/MPU6050.c:3107:6:setStandbyZGyroEnabled	24	static
../Core/Src/MPU6050.c:3122:10:getFIFOCount	16	static
../Core/Src/MPU6050.c:3155:9:getFIFOByte	16	static
../Core/Src/MPU6050.c:3160:6:getFIFOBytes	24	static
../Core/Src/MPU6050.c:3179:8:GetCurrentFIFOPacket	72	static
../Core/Src/MPU6050.c:3233:6:setFIFOByte	16	static
../Core/Src/MPU6050.c:3247:9:getDeviceID	24	static
../Core/Src/MPU6050.c:3262:6:setDeviceID	24	static
../Core/Src/MPU6050.c:3272:9:getOTPBankValid	16	static
../Core/Src/MPU6050.c:3278:6:setOTPBankValid	24	static
../Core/Src/MPU6050.c:3283:8:getXGyroOffsetTC	24	static
../Core/Src/MPU6050.c:3289:6:setXGyroOffsetTC	24	static
../Core/Src/MPU6050.c:3297:8:getYGyroOffsetTC	24	static
../Core/Src/MPU6050.c:3303:6:setYGyroOffsetTC	24	static
../Core/Src/MPU6050.c:3311:8:getZGyroOffsetTC	24	static
../Core/Src/MPU6050.c:3317:6:setZGyroOffsetTC	24	static
../Core/Src/MPU6050.c:3325:8:getXFineGain	16	static
../Core/Src/MPU6050.c:3330:6:setXFineGain	16	static
../Core/Src/MPU6050.c:3337:8:getYFineGain	16	static
../Core/Src/MPU6050.c:3342:6:setYFineGain	16	static
../Core/Src/MPU6050.c:3349:8:getZFineGain	16	static
../Core/Src/MPU6050.c:3354:6:setZFineGain	16	static
../Core/Src/MPU6050.c:3361:9:getXAccelOffset	24	static
../Core/Src/MPU6050.c:3367:6:setXAccelOffset	24	static
../Core/Src/MPU6050.c:3375:9:getYAccelOffset	24	static
../Core/Src/MPU6050.c:3381:6:setYAccelOffset	24	static
../Core/Src/MPU6050.c:3389:9:getZAccelOffset	24	static
../Core/Src/MPU6050.c:3395:6:setZAccelOffset	24	static
../Core/Src/MPU6050.c:3403:9:getXGyroOffset	16	static
../Core/Src/MPU6050.c:3408:6:setXGyroOffset	16	static
../Core/Src/MPU6050.c:3415:9:getYGyroOffset	16	static
../Core/Src/MPU6050.c:3420:6:setYGyroOffset	16	static
../Core/Src/MPU6050.c:3427:9:getZGyroOffset	16	static
../Core/Src/MPU6050.c:3432:6:setZGyroOffset	16	static
../Core/Src/MPU6050.c:3439:6:getIntPLLReadyEnabled	16	static
../Core/Src/MPU6050.c:3445:6:setIntPLLReadyEnabled	24	static
../Core/Src/MPU6050.c:3450:6:getIntDMPEnabled	16	static
../Core/Src/MPU6050.c:3456:6:setIntDMPEnabled	24	static
../Core/Src/MPU6050.c:3464:6:getDMPInt5Status	16	static
../Core/Src/MPU6050.c:3470:6:getDMPInt4Status	16	static
../Core/Src/MPU6050.c:3476:6:getDMPInt3Status	16	static
../Core/Src/MPU6050.c:3482:6:getDMPInt2Status	16	static
../Core/Src/MPU6050.c:3488:6:getDMPInt1Status	16	static
../Core/Src/MPU6050.c:3494:6:getDMPInt0Status	16	static
../Core/Src/MPU6050.c:3503:6:getIntPLLReadyStatus	16	static
../Core/Src/MPU6050.c:3509:6:getIntDMPStatus	16	static
../Core/Src/MPU6050.c:3518:6:getDMPEnabled	16	static
../Core/Src/MPU6050.c:3524:6:setDMPEnabled	24	static
../Core/Src/MPU6050.c:3529:6:resetDMP	16	static
../Core/Src/MPU6050.c:3537:6:setMemoryBank	16	static
../Core/Src/MPU6050.c:3549:6:setMemoryStartAddress	16	static
../Core/Src/MPU6050.c:3556:9:readMemoryByte	16	static
../Core/Src/MPU6050.c:3561:6:writeMemoryByte	16	static
../Core/Src/MPU6050.c:3565:6:readMemoryBlock	32	static
../Core/Src/MPU6050.c:3604:6:writeMemoryBlock	40	static
../Core/Src/MPU6050.c:3687:6:writeProgMemoryBlock	24	static
../Core/Src/MPU6050.c:3692:6:writeDMPConfigurationSet	40	static
../Core/Src/MPU6050.c:3761:6:writeProgDMPConfigurationSet	16	static
../Core/Src/MPU6050.c:3768:9:getDMPConfig1	16	static
../Core/Src/MPU6050.c:3773:6:setDMPConfig1	16	static
../Core/Src/MPU6050.c:3780:9:getDMPConfig2	16	static
../Core/Src/MPU6050.c:3785:6:setDMPConfig2	16	static
../Core/Src/MPU6050.c:3795:6:CalibrateGyro	56	static
../Core/Src/MPU6050.c:3810:6:CalibrateAccel	40	static
../Core/Src/MPU6050.c:3826:6:PID	120	static
../Core/Src/MPU6050.c:3939:10:GetActiveOffsets	24	static
../Core/Src/MPU6050.c:3959:6:PrintActiveOffsets	8	static
